This is LuaHBTeX, Version 1.22.0 (TeX Live 2025)  (format=optex 2025.12.3)  19 MAR 2026 16:46
 restricted system commands enabled.
**11SSAL.tex
(./11SSAL.tex This is OpTeX (Olsak's Plain TeX), version <1.18 May 2025>
(/usr/local/texlive/2025/texmf-dist/tex/optex/base/f-termes.opm
luaotfload | conf : Root cache directory is "/home/pmc/.texlive2025/texmf-var/lu
atex-cache/generic/names".
luaotfload | init : Loading fontloader "fontloader-2023-12-28.lua" from kpse-res
olved path "/usr/local/texlive/2025/texmf-dist/tex/luatex/luaotfload/fontloader-
2023-12-28.lua".
"luaotfload@noligature"=\attribute3
luaotfload | init : Context OpenType loader version 3.134
"luaotfload_color_attribute"=\attribute4
luaotfload | conf : Root cache directory is "/home/pmc/.texlive2025/texmf-var/lu
atex-cache/generic/names".
"luaotfload.letterspace_done"=\attribute5
luaotfload | db : Font names database loaded from /home/pmc/.texlive2025/texmf-v
ar/luatex-cache/generic/names/luaotfload-names.luc.gz
FONT: [Termes] -- \Termes (TeX Gyre Termes fonts based on Times)
 mods:{\caps } vars:{\rm \bf \it \bi } math:{Termes}
Modifier:
 \caps ...... caps & small caps
 
MATH-FONT: "[texgyretermes-math]" -- unicode math prepared.
(/usr/local/texlive/2025/texmf-dist/tex/optex/base/unimath-codes.opm
@:[unimath-codes] Uni math codes <2025-02-09>
\_umathnumA=\count298
\_umathnumB=\count299

(/usr/local/texlive/2025/texmf-dist/tex/optex/base/mathclass.opm)
(/usr/local/texlive/2025/texmf-dist/tex/optex/base/unimath-table.opm)))
Loading hyphenation for UKenglish: \language=2 (en-gb)

(/usr/local/texlive/2025/texmf-dist/tex/generic/hyph-utf8/patterns/tex/hyph-en-
gb.tex) (/usr/local/texlive/2025/texmf-dist/tex/optex/base/f-ebgaramond.opm
FONT: [EB Garamond] -- \EBGaramond (Based on Garamond)
 mods:{\medium \semibold \caps \swash } vars:{\rm \bf \it \bi \initials } math:
{Garamond-Math}
Modifiers:
 \caps ...... caps & small caps
 \swash ..... alternative capitals for \it , \bi , only non-accented letters
 \medium .... medium weight
 \semibold .. semibold weight (only \bf , \bi are changed)
 Variant:
 \initials .. Initials, only letters ADFGLNOQT
 
) (./11SSAL_front_matter.tex [1{/usr/local/texlive/2025/texmf-var/fonts/map/pdft
ex/updmap/pdftex.map}] [2]
(/usr/local/texlive/2025/texmf-dist/tex/optex/base/f-heros.opm
FONT: [Heros] -- \Heros (TeX Gyre Heros fonts based on Helvetica)
 mods:{\caps \cond } vars:{\rm \bf \it \bi } math:{FiraMath}
Modifiers:
 \caps ...... caps & small caps
 \cond ...... condensed variants
 
) [3] [4] (/usr/local/texlive/2025/texmf-dist/tex/optex/base/f-heros.opm
FONT: [Heros] -- \Heros (TeX Gyre Heros fonts based on Helvetica)
 mods:{\caps \cond } vars:{\rm \bf \it \bi } math:{FiraMath}
Modifiers:
 \caps ...... caps & small caps
 \cond ...... condensed variants
 
) (/usr/local/texlive/2025/texmf-dist/tex/optex/base/f-heros.opm
FONT: [Heros] -- \Heros (TeX Gyre Heros fonts based on Helvetica)
 mods:{\caps \cond } vars:{\rm \bf \it \bi } math:{FiraMath}
Modifiers:
 \caps ...... caps & small caps
 \cond ...... condensed variants
 
) [5] [6] [7] [8]) (./11SSAL_chapter1.tex
(/usr/local/texlive/2025/texmf-dist/tex/optex/base/f-cursor.opm
FONT: [Cursor] -- \Cursor (TeX Gyre Cursor fonts based on Courier)
 mods:{\caps } vars:{\rm \bf \it \bi } math:{}
Modifier:
 \caps ...... caps & small caps
 
) (/usr/local/texlive/2025/texmf-dist/tex/optex/base/f-heros.opm
FONT: [Heros] -- \Heros (TeX Gyre Heros fonts based on Helvetica)
 mods:{\caps \cond } vars:{\rm \bf \it \bi } math:{FiraMath}
Modifiers:
 \caps ...... caps & small caps
 \cond ...... condensed variants
 
) [1] [2] [3] [4] [5] [6] [7] [8] [9] [10] [11]
Underfull \hbox (badness 4341) in paragraph at lines 413--414
\_tenrm rise quiz-zically? ‘Er$[] $sorry, I$[] $well, it took me longer than 
I

\hbox(7.05+2.9)x264.61064, glue set 3.51566, direction TLT
.\_tenrm r
.\_tenrm i
.\_tenrm s
.\_tenrm e
.\glue(\spaceskip) 2.0 plus 1.0 minus 0.66667
.\_tenrm q
.\_tenrm u
.\_tenrm i
.\_tenrm z
.\discretionary (penalty 50)
..< \_tenrm -
.\_tenrm z
.\_tenrm i
.\_tenrm c
.\kern-0.15 (font)
.\_tenrm a
.\_tenrm l
.\_tenrm l
.\_tenrm y
.\_tenrm ?
.\glue(\spaceskip) 2.0 plus 1.0 minus 0.66667
.\_tenrm ‘
.\_tenrm E
.\_tenrm r
.\mathon
.\hbox(1.0+0.11)x10.83325, direction TLT
..\_mF .
..\glue(\thinmuskip) 1.66663
..\_mF .
..\glue(\thinmuskip) 1.66663
..\_mF .
.\glue 1.66663
.\mathoff
.\_tenrm s
.\_tenrm o
.\_tenrm r
.\_tenrm r
.\_tenrm y
.\kern-0.7 (font)
.\_tenrm ,
.\glue(\spaceskip) 2.0 plus 1.0 minus 0.66667
.\_tenrm I
.\mathon
.\hbox(1.0+0.11)x10.83325, direction TLT
..\_mF .
..\glue(\thinmuskip) 1.66663
..\_mF .
..\glue(\thinmuskip) 1.66663
..\_mF .
.\glue 1.66663
.\mathoff
.\_tenrm w
.\kern-0.25 (font)
.\_tenrm e
.\_tenrm l
.\_tenrm l
.\_tenrm ,
.\glue(\spaceskip) 2.0 plus 1.0 minus 0.66667
.\_tenrm i
.\_tenrm t
.\glue(\spaceskip) 2.0 plus 1.0 minus 0.66667
.\_tenrm t
.\_tenrm o
.\_tenrm o
.\kern-0.15 (font)
.\_tenrm k
.\glue(\spaceskip) 2.0 plus 1.0 minus 0.66667
.\_tenrm m
.\_tenrm e
.\glue(\spaceskip) 2.0 plus 1.0 minus 0.66667
.\_tenrm l
.\_tenrm o
.\_tenrm n
.\_tenrm g
.\_tenrm e
.\_tenrm r
.\glue(\spaceskip) 2.0 plus 1.0 minus 0.66667
.\_tenrm t
.\_tenrm h
.\_tenrm a
.\_tenrm n
.\glue(\spaceskip) 2.0 plus 1.0 minus 0.66667
.\_tenrm I
.\glue(\rightskip) 0.0

[12] [13] [14] [15] [16] [17] [18] [19]
(/usr/local/texlive/2025/texmf-dist/tex/optex/base/f-heros.opm
FONT: [Heros] -- \Heros (TeX Gyre Heros fonts based on Helvetica)
 mods:{\caps \cond } vars:{\rm \bf \it \bi } math:{FiraMath}
Modifiers:
 \caps ...... caps & small caps
 \cond ...... condensed variants
 
) [20]) (./11SSAL_chapter2.tex
(/usr/local/texlive/2025/texmf-dist/tex/optex/base/f-cursor.opm
FONT: [Cursor] -- \Cursor (TeX Gyre Cursor fonts based on Courier)
 mods:{\caps } vars:{\rm \bf \it \bi } math:{}
Modifier:
 \caps ...... caps & small caps
 
) (/usr/local/texlive/2025/texmf-dist/tex/optex/base/f-heros.opm
FONT: [Heros] -- \Heros (TeX Gyre Heros fonts based on Helvetica)
 mods:{\caps \cond } vars:{\rm \bf \it \bi } math:{FiraMath}
Modifiers:
 \caps ...... caps & small caps
 \cond ...... condensed variants
 
) [21] [22]
Underfull \hbox (badness 1783) in paragraph at lines 59--76
\_tenrm right-because-you-knew-what-you-were-going-to-get kinds of places

\hbox(7.06+2.9)x264.61064, glue set 2.61354, direction TLT
.\_tenrm r
.\_tenrm i
.\_tenrm g
.\_tenrm h
.\_tenrm t
.\discretionary (penalty 50)
..< \_tenrm -
..= \_tenrm -
.\_tenrm b
.\_tenrm e
.\kern-0.1 (font)
.\_tenrm c
.\kern-0.15 (font)
.\_tenrm a
.\_tenrm u
.\_tenrm s
.\_tenrm e
.\discretionary (penalty 50)
..< \_tenrm -
..= \_tenrm -
.\_tenrm y
.\kern-0.25 (font)
.\_tenrm o
.\_tenrm u
.\discretionary (penalty 50)
..< \_tenrm -
..= \_tenrm -
.\_tenrm k
.\_tenrm n
.\_tenrm e
.\_tenrm w
.\discretionary (penalty 50)
..< \_tenrm -
..= \_tenrm -
.\_tenrm w
.\_tenrm h
.\_tenrm a
.\_tenrm t
.\discretionary (penalty 50)
..< \_tenrm -
..= \_tenrm -
.\_tenrm y
.\kern-0.25 (font)
.\_tenrm o
.\_tenrm u
.\discretionary (penalty 50)
..< \_tenrm -
..= \_tenrm -
.\_tenrm w
.\kern-0.25 (font)
.\_tenrm e
.\_tenrm r
.\_tenrm e
.\discretionary (penalty 50)
..< \_tenrm -
..= \_tenrm -
.\_tenrm g
.\_tenrm o
.\_tenrm i
.\_tenrm n
.\_tenrm g
.\discretionary (penalty 50)
..< \_tenrm -
..= \_tenrm -
.\_tenrm t
.\_tenrm o
.\discretionary (penalty 50)
..< \_tenrm -
..= \_tenrm -
.\_tenrm g
.\_tenrm e
.\_tenrm t
.\glue(\spaceskip) 2.0 plus 1.0 minus 0.66667
.\_tenrm k
.\_tenrm i
.\_tenrm n
.\_tenrm d
.\_tenrm s
.\glue(\spaceskip) 2.0 plus 1.0 minus 0.66667
.\_tenrm o
.\_tenrm f
.\glue(\spaceskip) 2.0 plus 1.0 minus 0.66667
.\_tenrm p
.\kern-0.15 (font)
.\_tenrm l
.\_tenrm a
.\_tenrm c
.\kern-0.2 (font)
.\_tenrm e
.\_tenrm s
.\glue(\rightskip) 0.0

[23] [24] [25] [26] [27] [28] [29] [30] [31] [32] [33]
(/usr/local/texlive/2025/texmf-dist/tex/optex/base/f-cursor.opm
FONT: [Cursor] -- \Cursor (TeX Gyre Cursor fonts based on Courier)
 mods:{\caps } vars:{\rm \bf \it \bi } math:{}
Modifier:
 \caps ...... caps & small caps
 
) (/usr/local/texlive/2025/texmf-dist/tex/optex/base/f-heros.opm
FONT: [Heros] -- \Heros (TeX Gyre Heros fonts based on Helvetica)
 mods:{\caps \cond } vars:{\rm \bf \it \bi } math:{FiraMath}
Modifiers:
 \caps ...... caps & small caps
 \cond ...... condensed variants
 
) [34] (/usr/local/texlive/2025/texmf-dist/tex/optex/base/f-cursor.opm
FONT: [Cursor] -- \Cursor (TeX Gyre Cursor fonts based on Courier)
 mods:{\caps } vars:{\rm \bf \it \bi } math:{}
Modifier:
 \caps ...... caps & small caps
 
) (/usr/local/texlive/2025/texmf-dist/tex/optex/base/f-heros.opm
FONT: [Heros] -- \Heros (TeX Gyre Heros fonts based on Helvetica)
 mods:{\caps \cond } vars:{\rm \bf \it \bi } math:{FiraMath}
Modifiers:
 \caps ...... caps & small caps
 \cond ...... condensed variants
 
) [35] [36] [37] [38] [39] [40]
Underfull \hbox (badness 1590) in paragraph at lines 771--775
[]\_tenrm I looked at his jacket. There was a large red stain across the

\hbox(7.05+2.9)x264.61064, glue set 2.51778, direction TLT
.\localpar
..\localinterlinepenalty=0
..\localbrokenpenalty=0
..\localleftbox=null
..\localrightbox=null
.\hbox(0.0+0.0)x15.0, direction TLT
.\_tenrm I
.\glue(\spaceskip) 2.0 plus 0.999 minus 0.66733
.\_tenrm l
.\_tenrm o
.\_tenrm o
.\kern-0.15 (font)
.\_tenrm k
.\_tenrm e
.\kern-0.1 (font)
.\_tenrm d
.\glue(\spaceskip) 2.0 plus 1.0 minus 0.66667
.\_tenrm a
.\_tenrm t
.\glue(\spaceskip) 2.0 plus 1.0 minus 0.66667
.\_tenrm h
.\_tenrm i
.\_tenrm s
.\glue(\spaceskip) 2.0 plus 1.0 minus 0.66667
.\_tenrm j
.\_tenrm a
.\_tenrm c
.\_tenrm k
.\_tenrm e
.\_tenrm t
.\_tenrm .
.\glue(\spaceskip) 2.0 plus 1.0 minus 0.66667
.\_tenrm T
.\_tenrm h
.\_tenrm e
.\_tenrm r
.\_tenrm e
.\glue(\spaceskip) 2.0 plus 1.0 minus 0.66667
.\_tenrm w
.\kern-0.15 (font)
.\_tenrm a
.\_tenrm s
.\glue(\spaceskip) 2.0 plus 1.0 minus 0.66667
.\_tenrm a
.\glue(\spaceskip) 2.0 plus 1.0 minus 0.66667
.\_tenrm l
.\_tenrm a
.\_tenrm r
.\_tenrm g
.\_tenrm e
.\glue(\spaceskip) 2.0 plus 1.0 minus 0.66667
.\_tenrm r
.\_tenrm e
.\kern-0.1 (font)
.\_tenrm d
.\glue(\spaceskip) 2.0 plus 1.0 minus 0.66667
.\_tenrm s
.\_tenrm t
.\_tenrm a
.\_tenrm i
.\_tenrm n
.\glue(\spaceskip) 2.0 plus 1.0 minus 0.66667
.\_tenrm a
.\_tenrm c
.\kern-0.15 (font)
.\_tenrm r
.\_tenrm o
.\_tenrm s
.\_tenrm s
.\glue(\spaceskip) 2.0 plus 1.0 minus 0.66667
.\_tenrm t
.\_tenrm h
.\_tenrm e
.\glue(\rightskip) 0.0

[41] [42] [43] [44] [45]) (./11SSAL_chapter3.tex
(/usr/local/texlive/2025/texmf-dist/tex/optex/base/f-cursor.opm
FONT: [Cursor] -- \Cursor (TeX Gyre Cursor fonts based on Courier)
 mods:{\caps } vars:{\rm \bf \it \bi } math:{}
Modifier:
 \caps ...... caps & small caps
 
) (/usr/local/texlive/2025/texmf-dist/tex/optex/base/f-heros.opm
FONT: [Heros] -- \Heros (TeX Gyre Heros fonts based on Helvetica)
 mods:{\caps \cond } vars:{\rm \bf \it \bi } math:{FiraMath}
Modifiers:
 \caps ...... caps & small caps
 \cond ...... condensed variants
 
) [46] [47] [48] [49] [50] [51] [52] [53] [54] [55] [56] [57] [58] [59]
(/usr/local/texlive/2025/texmf-dist/tex/optex/base/f-cursor.opm
FONT: [Cursor] -- \Cursor (TeX Gyre Cursor fonts based on Courier)
 mods:{\caps } vars:{\rm \bf \it \bi } math:{}
Modifier:
 \caps ...... caps & small caps
 
) (/usr/local/texlive/2025/texmf-dist/tex/optex/base/f-heros.opm
FONT: [Heros] -- \Heros (TeX Gyre Heros fonts based on Helvetica)
 mods:{\caps \cond } vars:{\rm \bf \it \bi } math:{FiraMath}
Modifiers:
 \caps ...... caps & small caps
 \cond ...... condensed variants
 
) [60] (/usr/local/texlive/2025/texmf-dist/tex/optex/base/f-cursor.opm
FONT: [Cursor] -- \Cursor (TeX Gyre Cursor fonts based on Courier)
 mods:{\caps } vars:{\rm \bf \it \bi } math:{}
Modifier:
 \caps ...... caps & small caps
 
) [61] [62] [63]
(/usr/local/texlive/2025/texmf-dist/tex/optex/base/f-cursor.opm
FONT: [Cursor] -- \Cursor (TeX Gyre Cursor fonts based on Courier)
 mods:{\caps } vars:{\rm \bf \it \bi } math:{}
Modifier:
 \caps ...... caps & small caps
 
) [64] [65] [66] [67] [68] [69]) (./11SSAL_chapter4.tex
(/usr/local/texlive/2025/texmf-dist/tex/optex/base/f-cursor.opm
FONT: [Cursor] -- \Cursor (TeX Gyre Cursor fonts based on Courier)
 mods:{\caps } vars:{\rm \bf \it \bi } math:{}
Modifier:
 \caps ...... caps & small caps
 
) (/usr/local/texlive/2025/texmf-dist/tex/optex/base/f-heros.opm
FONT: [Heros] -- \Heros (TeX Gyre Heros fonts based on Helvetica)
 mods:{\caps \cond } vars:{\rm \bf \it \bi } math:{FiraMath}
Modifiers:
 \caps ...... caps & small caps
 \cond ...... condensed variants
 
) [70] [71] [72] [73] [74] [75] [76] [77] [78] [79] [80] [81] [82] [83]
[84] (/usr/local/texlive/2025/texmf-dist/tex/optex/base/f-cursor.opm
FONT: [Cursor] -- \Cursor (TeX Gyre Cursor fonts based on Courier)
 mods:{\caps } vars:{\rm \bf \it \bi } math:{}
Modifier:
 \caps ...... caps & small caps
 
) [85]) (./11SSAL_chapter5.tex
(/usr/local/texlive/2025/texmf-dist/tex/optex/base/f-cursor.opm
FONT: [Cursor] -- \Cursor (TeX Gyre Cursor fonts based on Courier)
 mods:{\caps } vars:{\rm \bf \it \bi } math:{}
Modifier:
 \caps ...... caps & small caps
 
) (/usr/local/texlive/2025/texmf-dist/tex/optex/base/f-heros.opm
FONT: [Heros] -- \Heros (TeX Gyre Heros fonts based on Helvetica)
 mods:{\caps \cond } vars:{\rm \bf \it \bi } math:{FiraMath}
Modifiers:
 \caps ...... caps & small caps
 \cond ...... condensed variants
 
) [86] [87] [88] [89] [90] [91]
(/usr/local/texlive/2025/texmf-dist/tex/optex/base/f-cursor.opm
FONT: [Cursor] -- \Cursor (TeX Gyre Cursor fonts based on Courier)
 mods:{\caps } vars:{\rm \bf \it \bi } math:{}
Modifier:
 \caps ...... caps & small caps
 
) [92] (/usr/local/texlive/2025/texmf-dist/tex/optex/base/f-cursor.opm
FONT: [Cursor] -- \Cursor (TeX Gyre Cursor fonts based on Courier)
 mods:{\caps } vars:{\rm \bf \it \bi } math:{}
Modifier:
 \caps ...... caps & small caps
 
) [93] [94] [95] [96] [97] [98] [99] [100] [101] [102] [103]
Underfull \hbox (badness 1533) in paragraph at lines 773--781
[]\_tenrm In or-din-ary cir-cum-stances, vis-it-ing my girl-friend’s flat for the

\hbox(7.06+2.9)x264.61064, glue set 2.48509, direction TLT
.\localpar
..\localinterlinepenalty=0
..\localbrokenpenalty=0
..\localleftbox=null
..\localrightbox=null
.\hbox(0.0+0.0)x15.0, direction TLT
.\_tenrm I
.\_tenrm n
.\glue(\spaceskip) 2.0 plus 1.0 minus 0.66667
.\_tenrm o
.\_tenrm r
.\discretionary (penalty 50)
..< \_tenrm -
.\_tenrm d
.\_tenrm i
.\_tenrm n
.\discretionary (penalty 50)
..< \_tenrm -
.\_tenrm a
.\_tenrm r
.\_tenrm y
.\glue(\spaceskip) 2.0 plus 1.0 minus 0.66667
.\_tenrm c
.\_tenrm i
.\_tenrm r
.\discretionary (penalty 50)
..< \_tenrm -
.\_tenrm c
.\_tenrm u
.\_tenrm m
.\discretionary (penalty 50)
..< \_tenrm -
.\_tenrm s
.\_tenrm t
.\_tenrm a
.\_tenrm n
.\_tenrm c
.\kern-0.2 (font)
.\_tenrm e
.\_tenrm s
.\_tenrm ,
.\glue(\spaceskip) 2.0 plus 1.0 minus 0.66667
.\_tenrm v
.\_tenrm i
.\_tenrm s
.\discretionary (penalty 50)
..< \_tenrm -
.\_tenrm i
.\_tenrm t
.\discretionary (penalty 50)
..< \_tenrm -
.\_tenrm i
.\_tenrm n
.\_tenrm g
.\glue(\spaceskip) 2.0 plus 1.0 minus 0.66667
.\_tenrm m
.\kern-0.4 (font)
.\_tenrm y
.\glue(\spaceskip) 2.0 plus 1.0 minus 0.66667
.\_tenrm g
.\_tenrm i
.\_tenrm r
.\_tenrm l
.\discretionary (penalty 50)
..< \_tenrm -
.\_tenrm f
.\_tenrm r
.\_tenrm i
.\_tenrm e
.\_tenrm n
.\_tenrm d
.\kern-0.15 (font)
.\_tenrm ’
.\_tenrm s
.\glue(\spaceskip) 2.0 plus 1.0 minus 0.66667
.\_tenrm 󰂯
.\_tenrm a
.\_tenrm t
.\glue(\spaceskip) 2.0 plus 1.0 minus 0.66667
.\_tenrm f
.\kern-0.25 (font)
.\_tenrm o
.\_tenrm r
.\glue(\spaceskip) 2.0 plus 1.0 minus 0.66667
.\_tenrm t
.\_tenrm h
.\_tenrm e
.\glue(\rightskip) 0.0

[104] [105] [106] [107] [108]
Underfull \hbox (badness 10000) in paragraph at lines 966--970
[]\_tenrm ‘Yes, it is,’ said Miles. They ex-changed sig-ni-fic-ant glances.

\hbox(7.06+2.9)x264.61064, glue set 4.34758, direction TLT
.\localpar
..\localinterlinepenalty=0
..\localbrokenpenalty=0
..\localleftbox=null
..\localrightbox=null
.\hbox(0.0+0.0)x15.0, direction TLT
.\_tenrm ‘
.\_tenrm Y
.\kern-1.0 (font)
.\_tenrm e
.\_tenrm s
.\_tenrm ,
.\glue(\spaceskip) 2.0 plus 1.0 minus 0.66667
.\_tenrm i
.\_tenrm t
.\glue(\spaceskip) 2.0 plus 1.0 minus 0.66667
.\_tenrm i
.\_tenrm s
.\_tenrm ,
.\_tenrm ’
.\glue(\spaceskip) 2.0 plus 1.0 minus 0.66667
.\_tenrm s
.\_tenrm a
.\_tenrm i
.\_tenrm d
.\glue(\spaceskip) 2.0 plus 1.0 minus 0.66667
.\_tenrm M
.\_tenrm i
.\_tenrm l
.\_tenrm e
.\_tenrm s
.\_tenrm .
.\glue(\spaceskip) 2.0 plus 1.0 minus 0.66667
.\_tenrm T
.\_tenrm h
.\_tenrm e
.\_tenrm y
.\glue(\spaceskip) 2.0 plus 1.0 minus 0.66667
.\_tenrm e
.\kern-0.15 (font)
.\_tenrm x
.\discretionary (penalty 50)
..< \_tenrm -
..= \kern-0.25 (font)
.\_tenrm c
.\_tenrm h
.\_tenrm a
.\_tenrm n
.\_tenrm g
.\_tenrm e
.\kern-0.1 (font)
.\_tenrm d
.\glue(\spaceskip) 2.0 plus 1.0 minus 0.66667
.\_tenrm s
.\_tenrm i
.\_tenrm g
.\discretionary (penalty 50)
..< \_tenrm -
.\_tenrm n
.\_tenrm i
.\discretionary (penalty 50)
..< \_tenrm -
.\_tenrm 󰂬
.\_tenrm c
.\discretionary (penalty 50)
..< \_tenrm -
..= \kern-0.15 (font)
.\_tenrm a
.\_tenrm n
.\_tenrm t
.\glue(\spaceskip) 2.0 plus 1.0 minus 0.66667
.\_tenrm g
.\_tenrm l
.\_tenrm a
.\_tenrm n
.\_tenrm c
.\kern-0.2 (font)
.\_tenrm e
.\_tenrm s
.\_tenrm .
.\glue(\rightskip) 0.0

[109] [110] [111]) (./11SSAL_chapter6.tex
(/usr/local/texlive/2025/texmf-dist/tex/optex/base/f-cursor.opm
FONT: [Cursor] -- \Cursor (TeX Gyre Cursor fonts based on Courier)
 mods:{\caps } vars:{\rm \bf \it \bi } math:{}
Modifier:
 \caps ...... caps & small caps
 
) (/usr/local/texlive/2025/texmf-dist/tex/optex/base/f-heros.opm
FONT: [Heros] -- \Heros (TeX Gyre Heros fonts based on Helvetica)
 mods:{\caps \cond } vars:{\rm \bf \it \bi } math:{FiraMath}
Modifiers:
 \caps ...... caps & small caps
 \cond ...... condensed variants
 
) [112] [113] [114] [115] [116] [117] [118] [119] [120] [121] [122] [123]
[124] [125] [126] [127] [128]) (./11SSAL_chapter7.tex
(/usr/local/texlive/2025/texmf-dist/tex/optex/base/f-cursor.opm
FONT: [Cursor] -- \Cursor (TeX Gyre Cursor fonts based on Courier)
 mods:{\caps } vars:{\rm \bf \it \bi } math:{}
Modifier:
 \caps ...... caps & small caps
 
) (/usr/local/texlive/2025/texmf-dist/tex/optex/base/f-heros.opm
FONT: [Heros] -- \Heros (TeX Gyre Heros fonts based on Helvetica)
 mods:{\caps \cond } vars:{\rm \bf \it \bi } math:{FiraMath}
Modifiers:
 \caps ...... caps & small caps
 \cond ...... condensed variants
 
) [129] [130] [131] [132] [133] [134] [135] [136]
(/usr/local/texlive/2025/texmf-dist/tex/optex/base/f-heros.opm
FONT: [Heros] -- \Heros (TeX Gyre Heros fonts based on Helvetica)
 mods:{\caps \cond } vars:{\rm \bf \it \bi } math:{FiraMath}
Modifiers:
 \caps ...... caps & small caps
 \cond ...... condensed variants
 
) [137] (/usr/local/texlive/2025/texmf-dist/tex/optex/base/f-cursor.opm
FONT: [Cursor] -- \Cursor (TeX Gyre Cursor fonts based on Courier)
 mods:{\caps } vars:{\rm \bf \it \bi } math:{}
Modifier:
 \caps ...... caps & small caps
 
) [138] [139] [140] [141] [142] [143] [144]
(/usr/local/texlive/2025/texmf-dist/tex/optex/base/f-cursor.opm
FONT: [Cursor] -- \Cursor (TeX Gyre Cursor fonts based on Courier)
 mods:{\caps } vars:{\rm \bf \it \bi } math:{}
Modifier:
 \caps ...... caps & small caps
 
) [145] (/usr/local/texlive/2025/texmf-dist/tex/optex/base/f-cursor.opm
FONT: [Cursor] -- \Cursor (TeX Gyre Cursor fonts based on Courier)
 mods:{\caps } vars:{\rm \bf \it \bi } math:{}
Modifier:
 \caps ...... caps & small caps
 
) (/usr/local/texlive/2025/texmf-dist/tex/optex/base/f-cursor.opm
FONT: [Cursor] -- \Cursor (TeX Gyre Cursor fonts based on Courier)
 mods:{\caps } vars:{\rm \bf \it \bi } math:{}
Modifier:
 \caps ...... caps & small caps
 
) [146] [147] [148] [149] [150]) (./11SSAL_chapter8.tex
(/usr/local/texlive/2025/texmf-dist/tex/optex/base/f-cursor.opm
FONT: [Cursor] -- \Cursor (TeX Gyre Cursor fonts based on Courier)
 mods:{\caps } vars:{\rm \bf \it \bi } math:{}
Modifier:
 \caps ...... caps & small caps
 
) (/usr/local/texlive/2025/texmf-dist/tex/optex/base/f-heros.opm
FONT: [Heros] -- \Heros (TeX Gyre Heros fonts based on Helvetica)
 mods:{\caps \cond } vars:{\rm \bf \it \bi } math:{FiraMath}
Modifiers:
 \caps ...... caps & small caps
 \cond ...... condensed variants
 
) [151] [152] [153]
Underfull \hbox (badness 2134) in paragraph at lines 104--105
[]\_tenrm ‘Close to the fe-male sexual peak then. You could teach him

\hbox(7.06+2.85)x264.61064, glue set 2.77707, direction TLT
.\localpar
..\localinterlinepenalty=0
..\localbrokenpenalty=0
..\localleftbox=null
..\localrightbox=null
.\hbox(0.0+0.0)x15.0, direction TLT
.\_tenrm ‘
.\_tenrm C
.\_tenrm l
.\_tenrm o
.\_tenrm s
.\_tenrm e
.\glue(\spaceskip) 2.0 plus 1.0 minus 0.66667
.\_tenrm t
.\_tenrm o
.\glue(\spaceskip) 2.0 plus 1.0 minus 0.66667
.\_tenrm t
.\_tenrm h
.\_tenrm e
.\glue(\spaceskip) 2.0 plus 1.0 minus 0.66667
.\_tenrm f
.\kern-0.25 (font)
.\_tenrm e
.\discretionary (penalty 50)
..< \_tenrm -
.\_tenrm m
.\_tenrm a
.\_tenrm l
.\_tenrm e
.\glue(\spaceskip) 2.0 plus 1.0 minus 0.66667
.\_tenrm s
.\_tenrm e
.\kern-0.15 (font)
.\_tenrm x
.\_tenrm u
.\_tenrm a
.\_tenrm l
.\glue(\spaceskip) 2.0 plus 1.0 minus 0.66667
.\_tenrm p
.\_tenrm e
.\_tenrm a
.\_tenrm k
.\glue(\spaceskip) 2.0 plus 1.0 minus 0.66667
.\_tenrm t
.\_tenrm h
.\_tenrm e
.\_tenrm n
.\_tenrm .
.\glue(\spaceskip) 2.0 plus 1.0 minus 0.66667
.\_tenrm Y
.\kern-1.0 (font)
.\_tenrm o
.\_tenrm u
.\glue(\spaceskip) 2.0 plus 1.0 minus 0.66667
.\_tenrm c
.\kern-0.2 (font)
.\_tenrm o
.\_tenrm u
.\_tenrm l
.\_tenrm d
.\glue(\spaceskip) 2.0 plus 1.0 minus 0.66667
.\_tenrm t
.\_tenrm e
.\_tenrm a
.\_tenrm c
.\_tenrm h
.\glue(\spaceskip) 2.0 plus 1.0 minus 0.66667
.\_tenrm h
.\_tenrm i
.\_tenrm m
.\glue(\rightskip) 0.0

[154] [155] [156]
Underfull \hbox (badness 2073) in paragraph at lines 193--194
[]\_tenrm ‘He also sounds like a psy-chostalker/serial killer’ said Nic-ola.


\hbox(7.05+2.85)x264.61064, glue set 2.75009, direction TLT
.\localpar
..\localinterlinepenalty=0
..\localbrokenpenalty=0
..\localleftbox=null
..\localrightbox=null
.\hbox(0.0+0.0)x15.0, direction TLT
.\_tenrm ‘
.\_tenrm H
.\_tenrm e
.\glue(\spaceskip) 2.0 plus 1.0 minus 0.66667
.\_tenrm a
.\_tenrm l
.\_tenrm s
.\_tenrm o
.\glue(\spaceskip) 2.0 plus 1.0 minus 0.66667
.\_tenrm s
.\_tenrm o
.\_tenrm u
.\_tenrm n
.\_tenrm d
.\_tenrm s
.\glue(\spaceskip) 2.0 plus 1.0 minus 0.66667
.\_tenrm l
.\_tenrm i
.\_tenrm k
.\_tenrm e
.\glue(\spaceskip) 2.0 plus 1.0 minus 0.66667
.\_tenrm a
.\glue(\spaceskip) 2.0 plus 1.0 minus 0.66667
.\_tenrm p
.\_tenrm s
.\kern-0.1 (font)
.\_tenrm y
.\discretionary (penalty 50)
..< \_tenrm -
..= \kern-0.25 (font)
.\_tenrm c
.\_tenrm h
.\_tenrm o
.\_tenrm s
.\_tenrm t
.\_tenrm a
.\_tenrm l
.\_tenrm k
.\_tenrm e
.\_tenrm r
.\_tenrm /
.\kern-0.5 (font)
.\_tenrm s
.\_tenrm e
.\_tenrm r
.\_tenrm i
.\_tenrm a
.\_tenrm l
.\glue(\spaceskip) 2.0 plus 1.0 minus 0.66667
.\_tenrm k
.\_tenrm i
.\_tenrm l
.\_tenrm l
.\_tenrm e
.\_tenrm r
.\_tenrm ’
.\glue(\spaceskip) 2.0 plus 1.0 minus 0.66667
.\_tenrm s
.\_tenrm a
.\_tenrm i
.\_tenrm d
.\glue(\spaceskip) 2.0 plus 1.0 minus 0.66667
.\_tenrm N
.\_tenrm i
.\_tenrm c
.\discretionary (penalty 50)
..< \_tenrm -
..= \kern-0.2 (font)
.\_tenrm o
.\kern-0.15 (font)
.\_tenrm l
.\_tenrm a
.\_tenrm .
.\glue(\rightskip) 0.0

[157]
===== List of font families ======
(/usr/local/texlive/2025/texmf-dist/tex/optex/base/fams-ini.opm
Special name for printing a catalog :
  \fontfam [Catalogue] -- Catalogue of all registered font families
     -- alias: [Catalog]
Computer Modern like family:
  \fontfam [Latin Modern] -- TeX Gyre fonts based on Computer Modern
     -- alias: [LMfonts] [Latin Modern Fonts] [lm]
TeX Gyre fonts based on Adobe 35:
  \fontfam [Termes] -- TeX Gyre Termes fonts based on Times
     -- alias: [Times]
  \fontfam [Heros] -- TeX Gyre Heros fonts based on Helvetica
     -- alias: [Helvetica]
  \fontfam [Adventor] -- TeX Gyre Adventor based on Avantgarde Book
     -- alias: [Avantgarde Book]
  \fontfam [Bonum] -- TeX Gyre Bonum fonts based on Bookman
     -- alias: [Bookman]
  \fontfam [Pagella] -- TeX Gyre Pagella fonts based on Palatino
     -- alias: [Palatino]
  \fontfam [Schola] -- TeX Gyre Schola fonts based on New Century
     -- alias: [New Century]
  \fontfam [Cursor] -- TeX Gyre Cursor fonts based on Courier
     -- alias: [Courier]
Typefaces from indestructible type*
  \fontfam [Besley*] -- Antique slab serif, inspired by Robert Besley's Clarend
on
     -- alias: [Besley]
  \fontfam [Bodoni*] -- No-compromises Bodoni for the digital age
     -- alias: [Bodoni] [BodoniModa]
  \fontfam [Drafting* Mono] -- Monospaced typeface family with small caps
     -- alias: [DraftingMono]
  \fontfam [Jost*] -- A modern geometric sans-serif
     -- alias: [Jost]
Other fonts:
  \fontfam [New Computer Modern] -- CM with Book variants, Cyrillic, Greek
     -- alias: [NewCM] [NewCMfonts]
  \fontfam [STIX] -- Scientific and Technical Information Exchange fonts
  \fontfam [XITS] -- A fork of STIX with Bold Math variant
  \fontfam [STIXTwo] -- Second version of STIX
     -- alias: [STIX2]
  \fontfam [Linux Libertine] -- Free fonts typically installed on systems
     -- alias: [Libertine] [LinLibertine]
  \fontfam [Libertinus] -- Free fonts derived from Linux Libertine
  \fontfam [Gentium] -- Serif free fonts, support Greek, Cyrillic, IPA
     -- alias: [GentiumPro]
  \fontfam [KP fonts] -- KP fonts -- Johannes Kepler project
     -- alias: [KP]
  \fontfam [DejaVu] -- Derived from the Vera fonts
  \fontfam [Antykwa Torunska] -- Traditional Polish font family
     -- alias: [Antt]
  \fontfam [Poltawski] -- Antykwa Poltawskiego, Polish traditional font family
     -- alias: [Antykwa Poltawskiego] [Poltawskiego] [APoltawskiego]
  \fontfam [Alegreya] -- Humanist serif and sans serif family
  \fontfam [Baskerville] -- Free variants of classical Baskerville
     -- alias: [BaskervilleF]
  \fontfam [Baskervald] -- Free variants of classical Baskerville by ADF
     -- alias: [Baskervald ADF] [ADFBaskerville]
  \fontfam [Fraunces] -- Display, old-style soft serif typeface
  \fontfam [Heuristica] -- Extends the Utopia font
  \fontfam [Erewhon] -- Derived from Heuristica with slanted variants
  \fontfam [EB Garamond] -- Free variants of classical Garamond
     -- alias: [Garamond]
  \fontfam [Garamond Libre] -- Free, derived from old style font family
     -- alias: [GaramondL]
  \fontfam [LibreCaslon] -- Libre Caslon Text, inspired by Caslon
     -- alias: [Caslon]
  \fontfam [Cabin] -- Inspired by Gill's typefaces + touch of a modernism
  \fontfam [Source Pro] -- Adobe SourceSerifPro, SourceSansPro, SourceCodePro
     -- alias: [AdobeSource] [AdobeSourcePro]
  \fontfam [Kerkis] -- Free Bookman alternative with Greek letters
  \fontfam [ComicNeue] -- Comic Neue sans serif
  \fontfam [Overlock] -- fonts simulate Overlock sewing technique
  \fontfam [Merriweather] -- Modern shapes, sharp serifs
  \fontfam [Roboto] -- Geometric grotesk, thin variants included
  \fontfam [Raleway] -- Elegant grotesk, nine weights in two variants
  \fontfam [Noto] -- Sans, serif, mono with multiple language support
  \fontfam [Kurier] -- Two element sans serif typeface
  \fontfam [Iwona] -- Sans serif typeface derived from Kurier
  \fontfam [Lato] -- Geometric grotesk, many weights
  \fontfam [Montserrat] -- Inspired from old posters in Montserat in Buenos Air
es
  \fontfam [Technika] -- Fonts from visual style of CTU in Prague
     -- alias: [CTU Technika]
  \fontfam [XCharter] -- An extension of Bitstream Charter
  \fontfam [GFSBodoni] -- Based on Bodoni with greek letters
  \fontfam [fbb] -- Bembo–like fonts derived from Cardo
     -- alias: [Bembo] [FBembo]
  \fontfam [ETbb] -- ET Bembo old style serif fonts
     -- alias: [ETBembo]
  \fontfam [Eczar] -- Serif, specific for Latin and Devanagari
  \fontfam [Fira] -- Humanist sans-serif, originally designed for Firefox OS
  \fontfam [Neohellenic] -- Sans serif fonts with math and full Greek
     -- alias: [GFS Neohellenic]
  \fontfam [Inconsolata] -- A monospaced font for code listing
  \fontfam [OldStandard] -- inspired by a typeface most commonly used in old bo
oks
  \fontfam [Clara] -- Clara, a serif font family
  \fontfam [Culmus] -- Hebrew roman, sans and mono fonts from the Culmus projec
t
  \fontfam [Plex] -- IBM Plex font family
     -- alias: [IBM Plex]
  \fontfam [Concrete] -- Concrete fonts with math
) 
[158] (/usr/local/texlive/2025/texmf-dist/tex/optex/base/f-cursor.opm
FONT: [Cursor] -- \Cursor (TeX Gyre Cursor fonts based on Courier)
 mods:{\caps } vars:{\rm \bf \it \bi } math:{}
Modifier:
 \caps ...... caps & small caps
 
) [159] (/usr/local/texlive/2025/texmf-dist/tex/optex/base/f-heros.opm
FONT: [Heros] -- \Heros (TeX Gyre Heros fonts based on Helvetica)
 mods:{\caps \cond } vars:{\rm \bf \it \bi } math:{FiraMath}
Modifiers:
 \caps ...... caps & small caps
 \cond ...... condensed variants
 
)
Underfull \hbox (badness 3168) in paragraph at lines 275--289
[]\_tenrm com.hmail::a.g.black-well@hmail.com\_tenrm . Call me only fash-

\hbox(7.41+2.85)x264.61064, glue set 3.16768, direction TLT
.\localpar
..\localinterlinepenalty=0
..\localbrokenpenalty=0
..\localleftbox=null
..\localrightbox=null
.\hbox(0.0+0.0)x15.0, direction TLT
.\_tenrm c
.\_tenrm o
.\_tenrm m
.\_tenrm .
.\_tenrm h
.\_tenrm m
.\_tenrm a
.\_tenrm i
.\_tenrm l
.\_tenrm :
.\_tenrm :
.\_tenrm a
.\_tenrm .
.\_tenrm g
.\_tenrm .
.\_tenrm b
.\_tenrm l
.\_tenrm a
.\_tenrm c
.\kern0.05 (font)
.\_tenrm k
.\discretionary (penalty 50)
..< \kern-0.4 (font)
..< \_tenrm -
.\_tenrm w
.\kern-0.1 (font)
.\_tenrm e
.\_tenrm l
.\_tenrm l
.\_tenrm @
.\_tenrm h
.\_tenrm m
.\_tenrm a
.\_tenrm i
.\_tenrm l
.\_tenrm .
.\_tenrm c
.\_tenrm o
.\_tenrm m
.\_tenrm .
.\glue(\spaceskip) 2.0 plus 1.0 minus 0.66667
.\_tenrm C
.\_tenrm a
.\_tenrm l
.\_tenrm l
.\glue(\spaceskip) 2.0 plus 1.0 minus 0.66667
.\_tenrm m
.\_tenrm e
.\glue(\spaceskip) 2.0 plus 1.0 minus 0.66667
.\_tenrm o
.\_tenrm n
.\_tenrm l
.\_tenrm y
.\glue(\spaceskip) 2.0 plus 1.0 minus 0.66667
.\_tenrm f
.\kern-0.25 (font)
.\_tenrm a
.\_tenrm s
.\_tenrm h
.\_tenrm -
.\discretionary (penalty 50)
.\glue(\rightskip) 0.0

[160] (/usr/local/texlive/2025/texmf-dist/tex/optex/base/f-cursor.opm
FONT: [Cursor] -- \Cursor (TeX Gyre Cursor fonts based on Courier)
 mods:{\caps } vars:{\rm \bf \it \bi } math:{}
Modifier:
 \caps ...... caps & small caps
 
) [161] (/usr/local/texlive/2025/texmf-dist/tex/optex/base/f-heros.opm
FONT: [Heros] -- \Heros (TeX Gyre Heros fonts based on Helvetica)
 mods:{\caps \cond } vars:{\rm \bf \it \bi } math:{FiraMath}
Modifiers:
 \caps ...... caps & small caps
 \cond ...... condensed variants
 
) (/usr/local/texlive/2025/texmf-dist/tex/optex/base/f-cursor.opm
FONT: [Cursor] -- \Cursor (TeX Gyre Cursor fonts based on Courier)
 mods:{\caps } vars:{\rm \bf \it \bi } math:{}
Modifier:
 \caps ...... caps & small caps
 
) [162] [163] [164] [165] [166] [167] [168] [169] [170] [171] [172] [173]
[174] [175] [176]) (./11SSAL_chapter9.tex
(/usr/local/texlive/2025/texmf-dist/tex/optex/base/f-cursor.opm
FONT: [Cursor] -- \Cursor (TeX Gyre Cursor fonts based on Courier)
 mods:{\caps } vars:{\rm \bf \it \bi } math:{}
Modifier:
 \caps ...... caps & small caps
 
) (/usr/local/texlive/2025/texmf-dist/tex/optex/base/f-heros.opm
FONT: [Heros] -- \Heros (TeX Gyre Heros fonts based on Helvetica)
 mods:{\caps \cond } vars:{\rm \bf \it \bi } math:{FiraMath}
Modifiers:
 \caps ...... caps & small caps
 \cond ...... condensed variants
 
) [177] [178] [179]
(/usr/local/texlive/2025/texmf-dist/tex/optex/base/f-cursor.opm
FONT: [Cursor] -- \Cursor (TeX Gyre Cursor fonts based on Courier)
 mods:{\caps } vars:{\rm \bf \it \bi } math:{}
Modifier:
 \caps ...... caps & small caps
 
) [180] (/usr/local/texlive/2025/texmf-dist/tex/optex/base/f-cursor.opm
FONT: [Cursor] -- \Cursor (TeX Gyre Cursor fonts based on Courier)
 mods:{\caps } vars:{\rm \bf \it \bi } math:{}
Modifier:
 \caps ...... caps & small caps
 
) [181] (/usr/local/texlive/2025/texmf-dist/tex/optex/base/f-cursor.opm
FONT: [Cursor] -- \Cursor (TeX Gyre Cursor fonts based on Courier)
 mods:{\caps } vars:{\rm \bf \it \bi } math:{}
Modifier:
 \caps ...... caps & small caps
 
) [182] (/usr/local/texlive/2025/texmf-dist/tex/optex/base/f-cursor.opm
FONT: [Cursor] -- \Cursor (TeX Gyre Cursor fonts based on Courier)
 mods:{\caps } vars:{\rm \bf \it \bi } math:{}
Modifier:
 \caps ...... caps & small caps
 
) [183] [184] [185] [186] [187] [188] [189] [190] [191] [192] [193] [194]
[195]
Underfull \hbox (badness 1478) in paragraph at lines 759--765
\_tenrm had been an OO/HO scale model of a ruined chapel for use in

\hbox(7.06+2.85)x264.61064, glue set 2.45694, direction TLT
.\_tenrm h
.\_tenrm a
.\_tenrm d
.\glue(\spaceskip) 2.0 plus 1.0 minus 0.66667
.\_tenrm b
.\_tenrm e
.\kern-0.1 (font)
.\_tenrm e
.\_tenrm n
.\glue(\spaceskip) 2.0 plus 1.0 minus 0.66667
.\_tenrm a
.\_tenrm n
.\glue(\spaceskip) 2.0 plus 1.0 minus 0.66667
.\_tenrm O
.\_tenrm O
.\kern-0.35 (font)
.\_tenrm /
.\_tenrm H
.\_tenrm O
.\glue(\spaceskip) 2.0 plus 0.999 minus 0.66733
.\_tenrm s
.\_tenrm c
.\kern-0.15 (font)
.\_tenrm a
.\_tenrm l
.\_tenrm e
.\glue(\spaceskip) 2.0 plus 1.0 minus 0.66667
.\_tenrm m
.\_tenrm o
.\_tenrm d
.\_tenrm e
.\_tenrm l
.\glue(\spaceskip) 2.0 plus 1.0 minus 0.66667
.\_tenrm o
.\_tenrm f
.\glue(\spaceskip) 2.0 plus 1.0 minus 0.66667
.\_tenrm a
.\glue(\spaceskip) 2.0 plus 1.0 minus 0.66667
.\_tenrm r
.\_tenrm u
.\_tenrm i
.\_tenrm n
.\_tenrm e
.\kern-0.1 (font)
.\_tenrm d
.\glue(\spaceskip) 2.0 plus 1.0 minus 0.66667
.\_tenrm c
.\_tenrm h
.\_tenrm a
.\_tenrm p
.\_tenrm e
.\_tenrm l
.\glue(\spaceskip) 2.0 plus 1.0 minus 0.66667
.\_tenrm f
.\kern-0.25 (font)
.\_tenrm o
.\_tenrm r
.\glue(\spaceskip) 2.0 plus 1.0 minus 0.66667
.\_tenrm u
.\_tenrm s
.\_tenrm e
.\glue(\spaceskip) 2.0 plus 1.0 minus 0.66667
.\_tenrm i
.\_tenrm n
.\glue(\rightskip) 0.0

[196] [197] [198]) (./11SSAL_chapter10.tex
(/usr/local/texlive/2025/texmf-dist/tex/optex/base/f-cursor.opm
FONT: [Cursor] -- \Cursor (TeX Gyre Cursor fonts based on Courier)
 mods:{\caps } vars:{\rm \bf \it \bi } math:{}
Modifier:
 \caps ...... caps & small caps
 
) (/usr/local/texlive/2025/texmf-dist/tex/optex/base/f-heros.opm
FONT: [Heros] -- \Heros (TeX Gyre Heros fonts based on Helvetica)
 mods:{\caps \cond } vars:{\rm \bf \it \bi } math:{FiraMath}
Modifiers:
 \caps ...... caps & small caps
 \cond ...... condensed variants
 
) [199] [200] [201] [202] [203] [204] [205] [206] [207] [208] [209] [210]
[211] [212] [213] [214] [215] [216] [217] [218] [219] [220])
(./11SSAL_chapter11.tex
(/usr/local/texlive/2025/texmf-dist/tex/optex/base/f-cursor.opm
FONT: [Cursor] -- \Cursor (TeX Gyre Cursor fonts based on Courier)
 mods:{\caps } vars:{\rm \bf \it \bi } math:{}
Modifier:
 \caps ...... caps & small caps
 
) (/usr/local/texlive/2025/texmf-dist/tex/optex/base/f-heros.opm
FONT: [Heros] -- \Heros (TeX Gyre Heros fonts based on Helvetica)
 mods:{\caps \cond } vars:{\rm \bf \it \bi } math:{FiraMath}
Modifiers:
 \caps ...... caps & small caps
 \cond ...... condensed variants
 
) [221] [222] [223] [224] [225]
(/usr/local/texlive/2025/texmf-dist/tex/optex/base/f-cursor.opm
FONT: [Cursor] -- \Cursor (TeX Gyre Cursor fonts based on Courier)
 mods:{\caps } vars:{\rm \bf \it \bi } math:{}
Modifier:
 \caps ...... caps & small caps
 
) (/usr/local/texlive/2025/texmf-dist/tex/optex/base/f-cursor.opm)
(/usr/local/texlive/2025/texmf-dist/tex/optex/base/f-cursor.opm)
(/usr/local/texlive/2025/texmf-dist/tex/optex/base/f-cursor.opm)
(/usr/local/texlive/2025/texmf-dist/tex/optex/base/f-cursor.opm) [226]
(/usr/local/texlive/2025/texmf-dist/tex/optex/base/f-cursor.opm
FONT: [Cursor] -- \Cursor (TeX Gyre Cursor fonts based on Courier)
 mods:{\caps } vars:{\rm \bf \it \bi } math:{}
Modifier:
 \caps ...... caps & small caps
 
) (/usr/local/texlive/2025/texmf-dist/tex/optex/base/f-cursor.opm
FONT: [Cursor] -- \Cursor (TeX Gyre Cursor fonts based on Courier)
 mods:{\caps } vars:{\rm \bf \it \bi } math:{}
Modifier:
 \caps ...... caps & small caps
 
) [227] (/usr/local/texlive/2025/texmf-dist/tex/optex/base/f-cursor.opm
FONT: [Cursor] -- \Cursor (TeX Gyre Cursor fonts based on Courier)
 mods:{\caps } vars:{\rm \bf \it \bi } math:{}
Modifier:
 \caps ...... caps & small caps
 
) (/usr/local/texlive/2025/texmf-dist/tex/optex/base/f-cursor.opm
FONT: [Cursor] -- \Cursor (TeX Gyre Cursor fonts based on Courier)
 mods:{\caps } vars:{\rm \bf \it \bi } math:{}
Modifier:
 \caps ...... caps & small caps
 
) (/usr/local/texlive/2025/texmf-dist/tex/optex/base/f-cursor.opm
FONT: [Cursor] -- \Cursor (TeX Gyre Cursor fonts based on Courier)
 mods:{\caps } vars:{\rm \bf \it \bi } math:{}
Modifier:
 \caps ...... caps & small caps
 
) [228] (/usr/local/texlive/2025/texmf-dist/tex/optex/base/f-cursor.opm
FONT: [Cursor] -- \Cursor (TeX Gyre Cursor fonts based on Courier)
 mods:{\caps } vars:{\rm \bf \it \bi } math:{}
Modifier:
 \caps ...... caps & small caps
 
) [229] [230] [231] [232] [233] [234] [235] [236] [237]
(/usr/local/texlive/2025/texmf-dist/tex/optex/base/f-cursor.opm
FONT: [Cursor] -- \Cursor (TeX Gyre Cursor fonts based on Courier)
 mods:{\caps } vars:{\rm \bf \it \bi } math:{}
Modifier:
 \caps ...... caps & small caps
 
) (/usr/local/texlive/2025/texmf-dist/tex/optex/base/f-cursor.opm
FONT: [Cursor] -- \Cursor (TeX Gyre Cursor fonts based on Courier)
 mods:{\caps } vars:{\rm \bf \it \bi } math:{}
Modifier:
 \caps ...... caps & small caps
 
) [238] (/usr/local/texlive/2025/texmf-dist/tex/optex/base/f-cursor.opm
FONT: [Cursor] -- \Cursor (TeX Gyre Cursor fonts based on Courier)
 mods:{\caps } vars:{\rm \bf \it \bi } math:{}
Modifier:
 \caps ...... caps & small caps
 
) [239] (/usr/local/texlive/2025/texmf-dist/tex/optex/base/f-cursor.opm
FONT: [Cursor] -- \Cursor (TeX Gyre Cursor fonts based on Courier)
 mods:{\caps } vars:{\rm \bf \it \bi } math:{}
Modifier:
 \caps ...... caps & small caps
 
) [240] [241] [242] [243]
(/usr/local/texlive/2025/texmf-dist/tex/optex/base/f-cursor.opm
FONT: [Cursor] -- \Cursor (TeX Gyre Cursor fonts based on Courier)
 mods:{\caps } vars:{\rm \bf \it \bi } math:{}
Modifier:
 \caps ...... caps & small caps
 
) [244] [245] [246]))</usr/local/texlive/2025/texmf-dist/fonts/opentype/public/t
ex-gyre-math/texgyretermes-math.otf></usr/local/texlive/2025/texmf-dist/fonts/op
entype/public/tex-gyre-math/texgyretermes-math.otf></usr/local/texlive/2025/texm
f-dist/fonts/opentype/public/tex-gyre/texgyrecursor-regular.otf></usr/local/texl
ive/2025/texmf-dist/fonts/opentype/public/tex-gyre/texgyreheros-bold.otf></usr/l
ocal/texlive/2025/texmf-dist/fonts/opentype/public/ebgaramond/EBGaramond-Bold.ot
f></usr/local/texlive/2025/texmf-dist/fonts/opentype/public/tex-gyre/texgyrehero
s-regular.otf></usr/local/texlive/2025/texmf-dist/fonts/opentype/public/ebgaramo
nd/EBGaramond-Italic.otf></usr/local/texlive/2025/texmf-dist/fonts/opentype/publ
ic/ebgaramond/EBGaramond-Regular.otf></usr/local/texlive/2025/texmf-dist/fonts/o
pentype/public/tex-gyre/texgyretermes-regular.otf>
Output written on 11SSAL.pdf (254 pages, 660806 bytes).

PDF statistics: 864 PDF objects out of 1000 (max. 8388607)
 575 compressed objects within 6 object streams
 0 named destinations out of 1000 (max. 131072)
 1 words of extra memory for PDF output out of 10000 (max. 100000000)

